// Jest Snapshot v1, https://goo.gl/fbAQLP

exports[`Claims container mounts correctly and matches the snapshot 1`] = `
<Memo(Connect(Component))
  testID="claimsScreen"
>
  <CredentialOverview
    claimsToRender={
      Object {
        "Contact": Array [
          Object {
            "claimData": Object {
              "email": "",
            },
            "credentialType": "Email",
            "id": "",
            "issuer": Object {
              "did": "",
            },
            "keyboardType": "email-address",
            "subject": "",
          },
          Object {
            "claimData": Object {
              "telephone": "",
            },
            "credentialType": "Mobile Phone",
            "id": "",
            "issuer": Object {
              "did": "",
            },
            "keyboardType": "phone-pad",
            "subject": "",
          },
          Object {
            "claimData": Object {
              "addressLine1": "",
              "addressLine2": "",
              "city": "",
              "country": "",
              "postalCode": "",
            },
            "credentialType": "Postal Address",
            "id": "",
            "issuer": Object {
              "did": "",
            },
            "subject": "",
          },
        ],
        "Other": Array [],
        "Personal": Array [
          Object {
            "claimData": Object {
              "familyName": "",
              "givenName": "",
            },
            "credentialType": "Name",
            "id": "",
            "issuer": Object {
              "did": "",
            },
            "subject": "",
          },
        ],
      }
    }
    did=""
    onEdit={[MockFunction]}
  />
</Memo(Connect(Component))>
`;
